>>> Starting Agent Boot Sequence...
[1/6] Checking User Account               [OK]
   ... Running as service user 'shannon' (uid=1000)
[2/6] Verifying Environment Variables     [OK]
   ... All required Envs correct
[3/6] Checking Required Files             [OK]
   ... Verified 'secret.key' with correct key string.
[4/6] Checking Port Availability          [OK]
   ... Port 15034 is available.
[5/6] Verifying Log Permission            [OK]
   ... Log directory is writable: /home/shannon/__dev/system-failure-analysis-lab/submission/evidence/oom/memory-128
[6/6] Verifying Mission Environment       [OK]
   ... MEMORY_LIMIT=128MB, CPU_MAX_OCCUPY=10%, MULTI_THREAD_ENABLE=False
------------------------------------------------------------
All Boot Checks Passed!
Agent READY
2026-06-13 17:18:47,709 [INFO] [SafetyGuard] Process priority lowered (nice=10).
2026-06-13 17:18:47,709 [INFO] Agent listening at port 15034

==================================================
 [ Agent Initiate ] Resource Check 
==================================================
 [ MEMORY ] Limit: 128MB 		[ WARNING: Recommend Over 256MB ]
 [ CPU    ] Limit: 10%  		[ OK ]
 [ THREAD ] Concurrency: False 		[ OK ]
--------------------------------------------------
 >>> SYSTEM STATUS: STABLE. STARTING WORKLOAD MONITORING...
==================================================

2026-06-13 17:18:49,734 [INFO] [MemoryWorker] Current Heap: 25MB
2026-06-13 17:18:52,764 [INFO] [MemoryWorker] Current Heap: 50MB
2026-06-13 17:18:55,793 [INFO] [MemoryWorker] Current Heap: 75MB
2026-06-13 17:18:58,819 [INFO] [MemoryWorker] Current Heap: 100MB
2026-06-13 17:19:01,853 [INFO] [MemoryWorker] Current Heap: 125MB
2026-06-13 17:19:04,879 [INFO] [MemoryWorker] Current Heap: 150MB
2026-06-13 17:19:04,879 [CRITICAL] [MemoryGuard] Memory limit exceeded (150MB >= 128MB) / (Recommend Over 256MB)
2026-06-13 17:19:04,879 [CRITICAL] [MemoryGuard] Self-terminating process 16458 to prevent system instability.
