>>> Starting Agent Boot Sequence...
[1/6] Checking User Account               [OK]
   ... Running as service user 'shannon' (uid=1000)
[2/6] Verifying Environment Variables     [OK]
   ... All required Envs correct
[3/6] Checking Required Files             [OK]
   ... Verified 'secret.key' with correct key string.
[4/6] Checking Port Availability          [OK]
   ... Port 15034 is available.
[5/6] Verifying Log Permission            [OK]
   ... Log directory is writable: /home/shannon/__dev/system-failure-analysis-lab/submission/evidence/scheduling/round-robin
[6/6] Verifying Mission Environment       [OK]
   ... MEMORY_LIMIT=512MB, CPU_MAX_OCCUPY=10%, MULTI_THREAD_ENABLE=False
------------------------------------------------------------
All Boot Checks Passed!
Agent READY
2026-06-13 17:18:33,922 [INFO] [SafetyGuard] Process priority lowered (nice=10).
2026-06-13 17:18:33,922 [INFO] Agent listening at port 15034

==================================================
 [ Agent Initiate ] Resource Check 
==================================================
 [ MEMORY ] Limit: 512MB 		[ OK ]
 [ CPU    ] Limit: 10%  		[ OK ]
 [ THREAD ] Concurrency: False 		[ OK ]
--------------------------------------------------
 >>> SYSTEM STATUS: STABLE. STARTING WORKLOAD MONITORING...
==================================================

2026-06-13 17:18:35,932 [INFO] >>> Scenario Selected: [Healthy System Monitoring]

>>> [SYSTEM] ALL CONFIGURATIONS OPTIMAL. RUNNING STABILITY TEST... <<<

2026-06-13 17:18:35,932 [INFO] [Scheduler] Task Scheduler Initialized.
2026-06-13 17:18:35,933 [INFO] [Scheduler] Registered Tasks: ['Thread-A', 'Thread-B', 'Thread-C']
2026-06-13 17:18:35,933 [INFO] [Scheduler] Starting task execution...
2026-06-13 17:18:35,933 [INFO] [Thread-A] Task Started. Calculating... (20%)
2026-06-13 17:18:35,984 [INFO] [Thread-A] Calculating... (40%)
2026-06-13 17:18:36,036 [INFO] [Thread-A] Preempted. Progress saved at (40%)
2026-06-13 17:18:36,087 [INFO] [Thread-B] Task Started. Calculating... (20%)
2026-06-13 17:18:36,138 [INFO] [Thread-B] Calculating... (40%)
2026-06-13 17:18:36,190 [INFO] [Thread-B] Preempted. Progress saved at (40%)
2026-06-13 17:18:36,241 [INFO] [Thread-C] Task Started. Calculating... (20%)
2026-06-13 17:18:36,291 [INFO] [Thread-C] Calculating... (40%)
2026-06-13 17:18:36,342 [INFO] [Thread-C] Preempted. Progress saved at (40%)
2026-06-13 17:18:36,393 [INFO] [Thread-A] Resumed. Calculating... (60%)
2026-06-13 17:18:36,445 [INFO] [Thread-A] Calculating... (80%)
2026-06-13 17:18:36,496 [INFO] [Thread-A] Preempted. Progress saved at (80%)
2026-06-13 17:18:36,547 [INFO] [Thread-B] Resumed. Calculating... (60%)
2026-06-13 17:18:36,598 [INFO] [Thread-B] Calculating... (80%)
2026-06-13 17:18:36,649 [INFO] [Thread-B] Preempted. Progress saved at (80%)
2026-06-13 17:18:36,699 [INFO] [Thread-C] Resumed. Calculating... (60%)
2026-06-13 17:18:36,750 [INFO] [Thread-C] Calculating... (80%)
2026-06-13 17:18:36,801 [INFO] [Thread-C] Preempted. Progress saved at (80%)
2026-06-13 17:18:36,852 [INFO] [Thread-A] Resumed. Calculating... (100%)
2026-06-13 17:18:36,902 [INFO] [Thread-B] Resumed. Calculating... (100%)
2026-06-13 17:18:36,953 [INFO] [Thread-C] Resumed. Calculating... (100%)
2026-06-13 17:18:37,004 [INFO] [Scheduler] All tasks completed.
2026-06-13 17:18:37,018 [INFO] [CpuWorker] Started. Maximum CPU Limit: 10%
2026-06-13 17:18:37,019 [INFO] [MemoryWorker] Current Heap: 25MB
2026-06-13 17:18:37,019 [INFO] [CpuWorker] Current Load: 5.00%
2026-06-13 17:18:40,046 [INFO] [MemoryWorker] Current Heap: 50MB
2026-06-13 17:18:40,135 [INFO] [CpuWorker] Current Load: 7.09%
