--- ps sample ---
  PID  PPID STAT %CPU %MEM   RSS COMMAND         COMMAND
18605 15873 S    33.3  0.0  1920 agent-app-leak  /home/shannon/__dev/system-failure-analysis-lab/submission/assets/agent-app-leak/agent-app-leak
  PID  PPID STAT %CPU %MEM   RSS COMMAND         COMMAND
18608 18605 SN   35.7  0.2 17520 agent-app-leak  /home/shannon/__dev/system-failure-analysis-lab/submission/assets/agent-app-leak/agent-app-leak

--- top sample ---
top - 17:22:16 up  6:45,  0 user,  load average: 0.58, 0.47, 0.36
Tasks:   1 total,   0 running,   1 sleeping,   0 stopped,   0 zombie
%Cpu(s):  0.0 us,  1.2 sy,  0.0 ni, 97.6 id,  0.0 wa,  0.0 hi,  1.2 si,  0.0 st 
MiB Mem :   7870.2 total,   5086.1 free,   2229.1 used,    718.5 buff/cache     
MiB Swap:   2048.0 total,   2048.0 free,      0.0 used.   5641.1 avail Mem 

  PID USER      PR  NI    VIRT    RES    SHR S  %CPU  %MEM     TIME+ COMMAND
18605 shannon   20   0    2904   1920   1792 S   0.0   0.0   0:00.07 agent-app+

--- ps sample ---
  PID  PPID STAT %CPU %MEM   RSS COMMAND         COMMAND
18605 15873 S     4.8  0.0  1920 agent-app-leak  /home/shannon/__dev/system-failure-analysis-lab/submission/assets/agent-app-leak/agent-app-leak
  PID  PPID STAT %CPU %MEM   RSS COMMAND         COMMAND
18608 18605 SN    3.6  0.2 17520 agent-app-leak  /home/shannon/__dev/system-failure-analysis-lab/submission/assets/agent-app-leak/agent-app-leak

--- top sample ---
top - 17:22:17 up  6:45,  0 user,  load average: 0.58, 0.47, 0.36
Tasks:   1 total,   0 running,   1 sleeping,   0 stopped,   0 zombie
%Cpu(s):  0.0 us,  0.0 sy,  0.0 ni,100.0 id,  0.0 wa,  0.0 hi,  0.0 si,  0.0 st 
MiB Mem :   7870.2 total,   5085.5 free,   2229.5 used,    718.7 buff/cache     
MiB Swap:   2048.0 total,   2048.0 free,      0.0 used.   5640.7 avail Mem 

  PID USER      PR  NI    VIRT    RES    SHR S  %CPU  %MEM     TIME+ COMMAND
18605 shannon   20   0    2904   1920   1792 S   0.0   0.0   0:00.07 agent-app+

--- ps sample ---
  PID  PPID STAT %CPU %MEM   RSS COMMAND         COMMAND
18605 15873 S     2.6  0.0  1920 agent-app-leak  /home/shannon/__dev/system-failure-analysis-lab/submission/assets/agent-app-leak/agent-app-leak
  PID  PPID STAT %CPU %MEM   RSS COMMAND         COMMAND
18608 18605 SN    1.9  0.2 17520 agent-app-leak  /home/shannon/__dev/system-failure-analysis-lab/submission/assets/agent-app-leak/agent-app-leak

--- top sample ---
top - 17:22:18 up  6:45,  0 user,  load average: 0.58, 0.47, 0.36
Tasks:   1 total,   0 running,   1 sleeping,   0 stopped,   0 zombie
%Cpu(s):  0.0 us,  0.0 sy,  0.0 ni,100.0 id,  0.0 wa,  0.0 hi,  0.0 si,  0.0 st 
MiB Mem :   7870.2 total,   5083.1 free,   2231.9 used,    718.7 buff/cache     
MiB Swap:   2048.0 total,   2048.0 free,      0.0 used.   5638.3 avail Mem 

  PID USER      PR  NI    VIRT    RES    SHR S  %CPU  %MEM     TIME+ COMMAND
18605 shannon   20   0    2904   1920   1792 S   0.0   0.0   0:00.07 agent-app+

--- ps sample ---
  PID  PPID STAT %CPU %MEM   RSS COMMAND         COMMAND
18605 15873 S     1.8  0.0  1920 agent-app-leak  /home/shannon/__dev/system-failure-analysis-lab/submission/assets/agent-app-leak/agent-app-leak
  PID  PPID STAT %CPU %MEM   RSS COMMAND         COMMAND
18608 18605 SN    1.3  0.2 17520 agent-app-leak  /home/shannon/__dev/system-failure-analysis-lab/submission/assets/agent-app-leak/agent-app-leak

--- top sample ---
top - 17:22:19 up  6:45,  0 user,  load average: 0.58, 0.47, 0.36
Tasks:   1 total,   0 running,   1 sleeping,   0 stopped,   0 zombie
%Cpu(s):  0.0 us,  0.0 sy,  0.0 ni,100.0 id,  0.0 wa,  0.0 hi,  0.0 si,  0.0 st 
MiB Mem :   7870.2 total,   5081.8 free,   2233.2 used,    718.7 buff/cache     
MiB Swap:   2048.0 total,   2048.0 free,      0.0 used.   5637.0 avail Mem 

  PID USER      PR  NI    VIRT    RES    SHR S  %CPU  %MEM     TIME+ COMMAND
18605 shannon   20   0    2904   1920   1792 S   0.0   0.0   0:00.07 agent-app+

--- ps sample ---
  PID  PPID STAT %CPU %MEM   RSS COMMAND         COMMAND
18605 15873 S     1.3  0.0  1920 agent-app-leak  /home/shannon/__dev/system-failure-analysis-lab/submission/assets/agent-app-leak/agent-app-leak
  PID  PPID STAT %CPU %MEM   RSS COMMAND         COMMAND
18608 18605 SN    0.9  0.2 17520 agent-app-leak  /home/shannon/__dev/system-failure-analysis-lab/submission/assets/agent-app-leak/agent-app-leak

--- top sample ---
top - 17:22:21 up  6:45,  0 user,  load average: 0.53, 0.47, 0.36
Tasks:   1 total,   0 running,   1 sleeping,   0 stopped,   0 zombie
%Cpu(s):  0.0 us,  0.0 sy,  0.0 ni,100.0 id,  0.0 wa,  0.0 hi,  0.0 si,  0.0 st 
MiB Mem :   7870.2 total,   5083.2 free,   2231.7 used,    718.7 buff/cache     
MiB Swap:   2048.0 total,   2048.0 free,      0.0 used.   5638.5 avail Mem 

  PID USER      PR  NI    VIRT    RES    SHR S  %CPU  %MEM     TIME+ COMMAND
18605 shannon   20   0    2904   1920   1792 S   0.0   0.0   0:00.07 agent-app+

--- ps sample ---
  PID  PPID STAT %CPU %MEM   RSS COMMAND         COMMAND
18605 15873 S     1.1  0.0  1920 agent-app-leak  /home/shannon/__dev/system-failure-analysis-lab/submission/assets/agent-app-leak/agent-app-leak
  PID  PPID STAT %CPU %MEM   RSS COMMAND         COMMAND
18608 18605 SN    0.7  0.2 17520 agent-app-leak  /home/shannon/__dev/system-failure-analysis-lab/submission/assets/agent-app-leak/agent-app-leak

--- top sample ---
top - 17:22:22 up  6:45,  0 user,  load average: 0.53, 0.47, 0.36
Tasks:   1 total,   0 running,   1 sleeping,   0 stopped,   0 zombie
%Cpu(s):  1.2 us,  0.0 sy,  0.0 ni, 97.6 id,  0.0 wa,  0.0 hi,  1.2 si,  0.0 st 
MiB Mem :   7870.2 total,   5078.7 free,   2236.3 used,    718.8 buff/cache     
MiB Swap:   2048.0 total,   2048.0 free,      0.0 used.   5633.9 avail Mem 

  PID USER      PR  NI    VIRT    RES    SHR S  %CPU  %MEM     TIME+ COMMAND
18605 shannon   20   0    2904   1920   1792 S   0.0   0.0   0:00.07 agent-app+

