>>> Starting Agent Boot Sequence...
[1/6] Checking User Account               [OK]
   ... Running as service user 'shannon' (uid=1000)
[2/6] Verifying Environment Variables     [OK]
   ... All required Envs correct
[3/6] Checking Required Files             [OK]
   ... Verified 'secret.key' with correct key string.
[4/6] Checking Port Availability          [OK]
   ... Port 15034 is available.
[5/6] Verifying Log Permission            [OK]
   ... Log directory is writable: /home/shannon/__dev/system-failure-analysis-lab/submission/evidence/deadlock/multi-false
[6/6] Verifying Mission Environment       [OK]
   ... MEMORY_LIMIT=512MB, CPU_MAX_OCCUPY=10%, MULTI_THREAD_ENABLE=False
------------------------------------------------------------
All Boot Checks Passed!
Agent READY
2026-06-13 17:22:39,445 [INFO] [SafetyGuard] Process priority lowered (nice=10).
2026-06-13 17:22:39,445 [INFO] Agent listening at port 15034

==================================================
 [ Agent Initiate ] Resource Check 
==================================================
 [ MEMORY ] Limit: 512MB 		[ OK ]
 [ CPU    ] Limit: 10%  		[ OK ]
 [ THREAD ] Concurrency: False 		[ OK ]
--------------------------------------------------
 >>> SYSTEM STATUS: STABLE. STARTING WORKLOAD MONITORING...
==================================================

2026-06-13 17:22:41,451 [INFO] >>> Scenario Selected: [Healthy System Monitoring]

>>> [SYSTEM] ALL CONFIGURATIONS OPTIMAL. RUNNING STABILITY TEST... <<<

2026-06-13 17:22:41,451 [INFO] [Scheduler] Task Scheduler Initialized.
2026-06-13 17:22:41,452 [INFO] [Scheduler] Registered Tasks: ['Thread-A', 'Thread-B', 'Thread-C']
2026-06-13 17:22:41,452 [INFO] [Scheduler] Starting task execution...
2026-06-13 17:22:41,452 [INFO] [Thread-A] Task Started. Calculating... (20%)
2026-06-13 17:22:41,502 [INFO] [Thread-A] Calculating... (40%)
2026-06-13 17:22:41,553 [INFO] [Thread-A] Preempted. Progress saved at (40%)
2026-06-13 17:22:41,604 [INFO] [Thread-B] Task Started. Calculating... (20%)
2026-06-13 17:22:41,654 [INFO] [Thread-B] Calculating... (40%)
2026-06-13 17:22:41,705 [INFO] [Thread-B] Preempted. Progress saved at (40%)
2026-06-13 17:22:41,756 [INFO] [Thread-C] Task Started. Calculating... (20%)
2026-06-13 17:22:41,807 [INFO] [Thread-C] Calculating... (40%)
2026-06-13 17:22:41,858 [INFO] [Thread-C] Preempted. Progress saved at (40%)
2026-06-13 17:22:41,909 [INFO] [Thread-A] Resumed. Calculating... (60%)
2026-06-13 17:22:41,960 [INFO] [Thread-A] Calculating... (80%)
2026-06-13 17:22:42,011 [INFO] [Thread-A] Preempted. Progress saved at (80%)
2026-06-13 17:22:42,062 [INFO] [Thread-B] Resumed. Calculating... (60%)
2026-06-13 17:22:42,112 [INFO] [Thread-B] Calculating... (80%)
2026-06-13 17:22:42,163 [INFO] [Thread-B] Preempted. Progress saved at (80%)
2026-06-13 17:22:42,214 [INFO] [Thread-C] Resumed. Calculating... (60%)
2026-06-13 17:22:42,265 [INFO] [Thread-C] Calculating... (80%)
2026-06-13 17:22:42,316 [INFO] [Thread-C] Preempted. Progress saved at (80%)
2026-06-13 17:22:42,367 [INFO] [Thread-A] Resumed. Calculating... (100%)
2026-06-13 17:22:42,418 [INFO] [Thread-B] Resumed. Calculating... (100%)
2026-06-13 17:22:42,468 [INFO] [Thread-C] Resumed. Calculating... (100%)
2026-06-13 17:22:42,519 [INFO] [Scheduler] All tasks completed.
2026-06-13 17:22:42,534 [INFO] [MemoryWorker] Current Heap: 25MB
2026-06-13 17:22:42,534 [INFO] [CpuWorker] Started. Maximum CPU Limit: 10%
2026-06-13 17:22:42,535 [INFO] [CpuWorker] Current Load: 5.00%
2026-06-13 17:22:44,646 [INFO] [CpuWorker] Peak reached (10.00%). Starting cooldown...
2026-06-13 17:22:45,569 [INFO] [MemoryWorker] Current Heap: 50MB
2026-06-13 17:22:45,650 [INFO] [CpuWorker] Current Load: 10.00%
2026-06-13 17:22:48,598 [INFO] [MemoryWorker] Current Heap: 75MB
2026-06-13 17:22:48,766 [INFO] [CpuWorker] Current Load: 7.64%
2026-06-13 17:22:50,878 [INFO] [CpuWorker] Cooldown complete (5.00%). Resuming load increase...
2026-06-13 17:22:51,644 [INFO] [MemoryWorker] Current Heap: 100MB
2026-06-13 17:22:51,883 [INFO] [CpuWorker] Current Load: 5.00%
2026-06-13 17:22:53,994 [INFO] [CpuWorker] Peak reached (10.00%). Starting cooldown...
2026-06-13 17:22:54,684 [INFO] [MemoryWorker] Current Heap: 125MB
