--- ps sample ---
  PID  PPID STAT %CPU %MEM   RSS COMMAND         COMMAND
18763 15873 S    28.5  0.0  1920 agent-app-leak  /home/shannon/__dev/system-failure-analysis-lab/submission/assets/agent-app-leak/agent-app-leak
  PID  PPID STAT %CPU %MEM   RSS COMMAND         COMMAND
18766 18763 SN   28.5  0.2 17780 agent-app-leak  /home/shannon/__dev/system-failure-analysis-lab/submission/assets/agent-app-leak/agent-app-leak

--- top sample ---
top - 17:22:39 up  6:46,  0 user,  load average: 0.41, 0.44, 0.36
Tasks:   1 total,   0 running,   1 sleeping,   0 stopped,   0 zombie
%Cpu(s):  0.0 us,  0.0 sy,  0.0 ni,100.0 id,  0.0 wa,  0.0 hi,  0.0 si,  0.0 st 
MiB Mem :   7870.2 total,   5082.9 free,   2231.6 used,    719.0 buff/cache     
MiB Swap:   2048.0 total,   2048.0 free,      0.0 used.   5638.6 avail Mem 

  PID USER      PR  NI    VIRT    RES    SHR S  %CPU  %MEM     TIME+ COMMAND
18763 shannon   20   0    2904   1920   1792 S   0.0   0.0   0:00.06 agent-app+

--- ps sample ---
  PID  PPID STAT %CPU %MEM   RSS COMMAND         COMMAND
18763 15873 S     4.1  0.0  1920 agent-app-leak  /home/shannon/__dev/system-failure-analysis-lab/submission/assets/agent-app-leak/agent-app-leak
  PID  PPID STAT %CPU %MEM   RSS COMMAND         COMMAND
18766 18763 SN    2.9  0.2 17780 agent-app-leak  /home/shannon/__dev/system-failure-analysis-lab/submission/assets/agent-app-leak/agent-app-leak

--- top sample ---
top - 17:22:40 up  6:46,  0 user,  load average: 0.38, 0.43, 0.35
Tasks:   1 total,   0 running,   1 sleeping,   0 stopped,   0 zombie
%Cpu(s):  0.0 us,  0.0 sy,  0.0 ni,100.0 id,  0.0 wa,  0.0 hi,  0.0 si,  0.0 st 
MiB Mem :   7870.2 total,   5083.3 free,   2231.6 used,    718.8 buff/cache     
MiB Swap:   2048.0 total,   2048.0 free,      0.0 used.   5638.6 avail Mem 

  PID USER      PR  NI    VIRT    RES    SHR S  %CPU  %MEM     TIME+ COMMAND
18763 shannon   20   0    2904   1920   1792 S   0.0   0.0   0:00.06 agent-app+

--- ps sample ---
  PID  PPID STAT %CPU %MEM   RSS COMMAND         COMMAND
18763 15873 S     2.2  0.0  1920 agent-app-leak  /home/shannon/__dev/system-failure-analysis-lab/submission/assets/agent-app-leak/agent-app-leak
  PID  PPID STAT %CPU %MEM   RSS COMMAND         COMMAND
18766 18763 SN    1.9  0.2 17780 agent-app-leak  /home/shannon/__dev/system-failure-analysis-lab/submission/assets/agent-app-leak/agent-app-leak

--- top sample ---
top - 17:22:42 up  6:46,  0 user,  load average: 0.38, 0.43, 0.35
Tasks:   1 total,   0 running,   1 sleeping,   0 stopped,   0 zombie
%Cpu(s):  1.2 us,  2.5 sy,  0.0 ni, 96.2 id,  0.0 wa,  0.0 hi,  0.0 si,  0.0 st 
MiB Mem :   7870.2 total,   5080.6 free,   2234.3 used,    718.8 buff/cache     
MiB Swap:   2048.0 total,   2048.0 free,      0.0 used.   5635.9 avail Mem 

  PID USER      PR  NI    VIRT    RES    SHR S  %CPU  %MEM     TIME+ COMMAND
18763 shannon   20   0    2904   1920   1792 S   0.0   0.0   0:00.06 agent-app+

--- ps sample ---
  PID  PPID STAT %CPU %MEM   RSS COMMAND         COMMAND
18763 15873 S     1.5  0.0  1920 agent-app-leak  /home/shannon/__dev/system-failure-analysis-lab/submission/assets/agent-app-leak/agent-app-leak
  PID  PPID STAT %CPU %MEM   RSS COMMAND         COMMAND
18766 18763 SNl   2.0  0.5 43508 agent-app-leak  /home/shannon/__dev/system-failure-analysis-lab/submission/assets/agent-app-leak/agent-app-leak

--- top sample ---
top - 17:22:43 up  6:46,  0 user,  load average: 0.38, 0.43, 0.35
Tasks:   1 total,   0 running,   1 sleeping,   0 stopped,   0 zombie
%Cpu(s):  1.2 us,  0.0 sy,  0.0 ni, 98.8 id,  0.0 wa,  0.0 hi,  0.0 si,  0.0 st 
MiB Mem :   7870.2 total,   5058.3 free,   2256.6 used,    718.8 buff/cache     
MiB Swap:   2048.0 total,   2048.0 free,      0.0 used.   5613.6 avail Mem 

  PID USER      PR  NI    VIRT    RES    SHR S  %CPU  %MEM     TIME+ COMMAND
18763 shannon   20   0    2904   1920   1792 S   0.0   0.0   0:00.06 agent-app+

--- ps sample ---
  PID  PPID STAT %CPU %MEM   RSS COMMAND         COMMAND
18763 15873 S     1.1  0.0  1920 agent-app-leak  /home/shannon/__dev/system-failure-analysis-lab/submission/assets/agent-app-leak/agent-app-leak
  PID  PPID STAT %CPU %MEM   RSS COMMAND         COMMAND
18766 18763 SNl   1.5  0.5 43508 agent-app-leak  /home/shannon/__dev/system-failure-analysis-lab/submission/assets/agent-app-leak/agent-app-leak

--- top sample ---
top - 17:22:44 up  6:46,  0 user,  load average: 0.38, 0.43, 0.35
Tasks:   1 total,   0 running,   1 sleeping,   0 stopped,   0 zombie
%Cpu(s):  0.0 us,  0.0 sy,  0.0 ni, 98.8 id,  0.0 wa,  0.0 hi,  1.2 si,  0.0 st 
MiB Mem :   7870.2 total,   5058.6 free,   2256.2 used,    718.8 buff/cache     
MiB Swap:   2048.0 total,   2048.0 free,      0.0 used.   5614.0 avail Mem 

  PID USER      PR  NI    VIRT    RES    SHR S  %CPU  %MEM     TIME+ COMMAND
18763 shannon   20   0    2904   1920   1792 S   0.0   0.0   0:00.06 agent-app+

--- ps sample ---
  PID  PPID STAT %CPU %MEM   RSS COMMAND         COMMAND
18763 15873 S     0.9  0.0  1920 agent-app-leak  /home/shannon/__dev/system-failure-analysis-lab/submission/assets/agent-app-leak/agent-app-leak
  PID  PPID STAT %CPU %MEM   RSS COMMAND         COMMAND
18766 18763 SNl   1.4  0.8 69108 agent-app-leak  /home/shannon/__dev/system-failure-analysis-lab/submission/assets/agent-app-leak/agent-app-leak

--- top sample ---
top - 17:22:45 up  6:46,  0 user,  load average: 0.38, 0.43, 0.35
Tasks:   1 total,   0 running,   1 sleeping,   0 stopped,   0 zombie
%Cpu(s):  1.2 us,  0.0 sy,  0.0 ni, 98.8 id,  0.0 wa,  0.0 hi,  0.0 si,  0.0 st 
MiB Mem :   7870.2 total,   5036.0 free,   2278.9 used,    718.9 buff/cache     
MiB Swap:   2048.0 total,   2048.0 free,      0.0 used.   5591.3 avail Mem 

  PID USER      PR  NI    VIRT    RES    SHR S  %CPU  %MEM     TIME+ COMMAND
18763 shannon   20   0    2904   1920   1792 S   0.0   0.0   0:00.06 agent-app+

